    Checking adr293-new-complete-no-fallback v0.1.0 (/tmp/compact-adr293/consumers/new-complete-no-fallback)
error[E0004]: non-exhaustive patterns: `&_` not covered
  --> src/main.rs:3:11
   |
 3 |     match error {
   |           ^^^^^ pattern `&_` not covered
   |
note: `RenderError` defined here
  --> /tmp/compact-adr293/candidate/tools/compact-rust-backend/src/lib.rs:81:1
   |
81 | pub enum RenderError {
   | ^^^^^^^^^^^^^^^^^^^^
   = note: the matched value is of type `&RenderError`
   = note: `RenderError` is marked as non-exhaustive, so a wildcard `_` is necessary to match exhaustively
help: ensure that all possible cases are being handled by adding a match arm with a wildcard pattern or an explicit pattern as shown
   |
43 ~         RenderError::MalformedReturnPlan => "MalformedReturnPlan",
44 ~         &_ => todo!(),
   |

For more information about this error, try `rustc --explain E0004`.
error: could not compile `adr293-new-complete-no-fallback` (bin "adr293-new-complete-no-fallback") due to 1 previous error
