    Checking cfg-if v1.0.4
    Checking libc v0.2.189
    Checking subtle v2.6.1
    Checking zeroize v1.8.2
    Checking typenum v1.19.0
    Checking const-oid v0.9.6
    Checking serde_core v1.0.228
    Checking pin-project-lite v0.2.17
    Checking once_cell v1.21.4
    Checking zerocopy v0.8.47
    Checking generic-array v0.14.7
    Checking crypto-common v0.1.7
    Checking block-buffer v0.10.4
    Checking digest v0.10.7
    Checking tap v1.0.1
    Checking getrandom v0.2.17
    Checking wyz v0.5.1
    Checking rand_core v0.6.4
    Checking radium v0.7.0
    Checking itoa v1.0.18
    Checking funty v2.0.0
    Checking memchr v2.8.0
    Checking serde v1.0.228
    Checking futures-core v0.3.32
    Checking bitvec v1.1.1
    Checking bytes v1.11.1
    Checking rand_xorshift v0.3.0
    Checking tracing-core v0.1.36
    Checking futures-sink v0.3.32
    Checking futures-channel v0.3.32
    Checking mio v1.1.1
    Checking socket2 v0.6.3
    Checking cpufeatures v0.2.17
    Checking lazy_static v1.5.0
    Checking smallvec v1.15.1
    Checking tokio v1.50.0
    Checking tracing v0.1.44
    Checking futures-io v0.3.32
    Checking slab v0.4.12
    Checking futures-task v0.3.32
    Checking futures-util v0.3.32
    Checking ppv-lite86 v0.2.21
    Checking ff v0.13.1
    Checking crossbeam-utils v0.8.21
    Checking rand_chacha v0.3.1
    Checking rand v0.8.6
    Checking sha2 v0.10.9
    Checking http v1.4.0
    Checking group v0.13.0
    Checking either v1.15.0
    Checking crossbeam-epoch v0.9.20
    Checking http-body v1.0.1
    Checking der v0.7.10
    Checking rustls-pki-types v1.14.0
    Checking bitflags v2.11.0
    Checking untrusted v0.9.0
    Checking percent-encoding v2.3.2
    Checking ring v0.17.14
    Checking crossbeam-deque v0.8.6
    Checking num-traits v0.2.19
    Checking hex v0.4.3
    Checking num_cpus v1.17.0
    Checking try-lock v0.2.5
    Checking tower-service v0.3.3
    Checking base16ct v0.2.0
    Checking typewit v1.15.2
    Checking serdect v0.2.0
    Checking want v0.3.1
    Checking num-integer v0.1.46
    Checking threadpool v1.8.1
    Checking spki v0.7.3
    Checking rayon-core v1.13.0
    Checking zmij v1.0.21
    Checking httparse v1.10.1
    Checking pin-utils v0.1.0
    Checking atomic-waker v1.1.2
    Checking rayon v1.12.0
    Checking serde_json v1.0.149
    Checking hyper v1.8.1
    Checking rustls-webpki v0.103.14
    Checking rustls v0.23.45
    Checking num-bigint v0.4.6
    Checking pkcs8 v0.10.2
    Checking blst v0.3.17
    Checking sec1 v0.7.3
    Checking form_urlencoded v1.2.2
    Checking pairing v0.23.0
    Checking serde_arrays v0.2.0
    Checking sync_wrapper v1.0.2
    Checking crypto-bigint v0.5.5
    Checking hmac v0.12.1
    Checking ipnet v2.12.0
    Checking constant_time_eq v0.4.2
    Checking utf8_iter v1.0.4
    Checking arrayvec v0.7.8
    Checking openssl-probe v0.2.1
    Checking equivalent v1.0.2
    Checking byte-slice-cast v1.2.3
    Checking tower-layer v0.3.3
    Checking idna_adapter v1.0.0
    Checking allocator-api2 v0.2.21
    Checking base64 v0.22.1
    Checking log v0.4.29
    Checking foldhash v0.2.0
    Checking hyper-util v0.1.20
    Checking hashbrown v0.16.1
    Checking elliptic-curve v0.13.8
    Checking idna v1.1.0
    Checking tower v0.5.3
    Checking midnight-curves v0.2.0
    Checking tokio-rustls v0.26.4
    Checking blake2b_simd v1.0.5
    Checking rustls-native-certs v0.8.3
    Checking rfc6979 v0.4.0
    Checking konst_kernel v0.3.15
    Checking const_panic v0.2.17
    Checking signature v2.2.0
    Checking simd-adler32 v0.3.8
    Checking unicode-width v0.2.2
    Checking ryu v1.0.23
    Checking iri-string v0.7.11
    Checking adler2 v2.0.1
    Checking miniz_oxide v0.8.9
    Checking console v0.15.11
    Checking serde_urlencoded v0.7.1
    Checking konst v0.3.17
    Checking ecdsa v0.16.9
    Checking nix v0.29.0
    Checking midnight-proofs v0.7.0
    Checking hyper-rustls v0.27.7
    Checking url v2.5.8
    Checking tower-http v0.6.8
    Checking portable-atomic v1.13.1
    Checking crc32fast v1.5.0
    Checking tokio-util v0.7.18
    Checking futures-executor v0.3.32
    Checking http-body-util v0.1.3
    Checking serde_bytes v0.11.19
    Checking crypto v0.5.1
    Checking static_assertions v1.1.0
    Checking number_prefix v0.4.0
    Checking deunicode v1.6.2
    Checking scopeguard v1.2.0
    Checking linux-raw-sys v0.12.1
    Checking lock_api v0.4.14
    Checking fake v2.10.0
    Checking indicatif v0.17.11
    Checking rustix v1.1.4
    Checking midnight-serialize v1.0.0
    Checking archery v0.5.0
    Checking reqwest v0.12.28
    Checking futures v0.3.32
    Checking flate2 v1.1.9
    Checking atomic-write-file v0.2.3
    Checking k256 v0.13.4
    Checking getrandom v0.4.2
    Checking parking_lot_core v0.9.12
    Checking anyhow v1.0.103
    Checking const-hex v1.19.3
    Checking fastrand v2.3.0
    Checking ethnum v1.5.3
    Checking sha3-circuit v0.1.0
    Checking blake2b_halo2 v0.1.0
    Checking tempfile v3.27.0
    Checking parking_lot v0.12.5
    Checking lru v0.16.4
    Checking itertools v0.14.0
    Checking sysinfo v0.34.2
    Checking rustc-hash v2.1.1
    Checking unty v0.0.4
    Checking midnight-base-crypto v1.0.0
    Checking base64 v0.13.1
    Checking midnight-circuits v6.0.0
    Checking bincode v2.0.1
    Checking rpds v0.13.0
    Checking unicode-xid v0.0.4
    Checking midnight-storage-core v1.1.0
    Checking synom v0.11.3
    Checking enum_index v0.2.0
    Checking quote v0.3.15
    Checking syn v0.11.11
    Checking tracing-log v0.2.0
    Checking sharded-slab v0.1.7
    Checking thread_local v1.1.9
    Checking midnight-storage v2.0.1
    Checking is_sorted v0.1.1
    Checking nu-ansi-term v0.50.3
    Checking introspection v0.1.0
    Checking keccak v0.1.6
    Checking tracing-subscriber v0.3.23
    Checking sha3 v0.10.8
   Compiling midnight-compact-runtime-macros v0.2.0 (/home/runner/work/compact/compact/runtime-rs-macros)
    Checking unicode-ident v1.0.24
    Checking proc-macro2 v1.0.106
    Checking indexmap v2.13.0
    Checking quote v1.0.45
    Checking winnow v0.7.15
    Checking syn v2.0.117
    Checking toml_write v0.1.2
    Checking toml_datetime v0.6.11
    Checking fs2 v0.4.3
    Checking toml_edit v0.22.27
    Checking midnight-zk-stdlib v1.0.0
    Checking midnight-transient-crypto v2.0.1
    Checking prettyplease v0.2.37
    Checking midnight-coin-structure v2.0.1
    Checking compact-rust-backend v0.2.0 (/home/runner/work/compact/compact/tools/compact-rust-backend)
    Checking midnight-zkir v2.1.0
    Checking midnight-onchain-state v3.0.0
    Checking midnight-onchain-vm v3.0.0
    Checking midnight-onchain-runtime v3.0.0
    Checking midnight-zswap v8.0.3
    Checking midnight-ledger v8.0.3
    Checking midnight-compact-runtime v0.2.0 (/home/runner/work/compact/compact/runtime-rs)
    Checking compact-rust-set-size-oracle-fixture v0.1.0 (/home/runner/work/compact/compact/tests-rust-backend/set-size-oracle)
    Checking compact-rust-witness-conditional-fixture v0.1.0 (/home/runner/work/compact/compact/tests-rust-backend/witness-conditional)
    Checking compact-rust-witnesses-oracle-fixture v0.1.0 (/home/runner/work/compact/compact/tests-rust-backend/witnesses-oracle)
    Checking compact-rust-counter-parameter-fixture v0.1.0 (/home/runner/work/compact/compact/tests-rust-backend/counter-parameter)
    Checking compact-rust-merkle-tree-oracle-fixture v0.1.0 (/home/runner/work/compact/compact/tests-rust-backend/merkle-tree-oracle)
    Checking midnight-compact-testkit v0.1.0 (/home/runner/work/compact/compact/testkit-rs)
    Finished `dev` profile [unoptimized] target(s) in 19.83s
